BEGIN;
CREATE EXTENSION webauthn CASCADE;
NOTICE:  installing required extension "pguecc"
NOTICE:  installing required extension "pgcrypto"
NOTICE:  installing required extension "cbor"
SELECT jsonb_pretty(webauthn.init_credential(
  challenge := '\xd4ef72bc4cd34733abb91602e4aa5cc4d446fae92aa3dbcf9e2c2052a5fc9857'::bytea,
  user_name := 'alex.p.mueller@example.com',
  user_id := '\xc172e425a2e82488bda49038fd66970a94cfa9f3bfa740d421f6040cdb3cb44f57cb3326ac4d0f7e16ed9afe66499ad8ded1f9ce29db45c8e48ba989da60e163'::bytea,
  user_display_name := 'Alex P. Müller',
  relying_party_name := 'ACME Corporation',
  relying_party_id := NULL,
  user_verification := 'discouraged',
  timeout := '00:05:00',
  challenge_at := '2020-12-15 08:30:09.384246+01'
));
                                                jsonb_pretty                                                 
-------------------------------------------------------------------------------------------------------------
 {                                                                                                          +
     "publicKey": {                                                                                         +
         "rp": {                                                                                            +
             "name": "ACME Corporation"                                                                     +
         },                                                                                                 +
         "user": {                                                                                          +
             "id": "wXLkJaLoJIi9pJA4_WaXCpTPqfO_p0DUIfYEDNs8tE9XyzMmrE0Pfhbtmv5mSZrY3tH5zinbRcjki6mJ2mDhYw",+
             "name": "alex.p.mueller@example.com",                                                          +
             "displayName": "Alex P. Müller"                                                                +
         },                                                                                                 +
         "timeout": 300000,                                                                                 +
         "challenge": "1O9yvEzTRzOruRYC5KpcxNRG-ukqo9vPniwgUqX8mFc",                                        +
         "attestation": "none",                                                                             +
         "pubKeyCredParams": [                                                                              +
             {                                                                                              +
                 "alg": -7,                                                                                 +
                 "type": "public-key"                                                                       +
             }                                                                                              +
         ],                                                                                                 +
         "authenticatorSelection": {                                                                        +
             "userVerification": "discouraged",                                                             +
             "requireResidentKey": false                                                                    +
         }                                                                                                  +
     }                                                                                                      +
 }
(1 row)

SELECT * FROM webauthn.make_credential(
  credential_id := 'TMvc9cgQ4S3H498Qez2ilQdkDS02s0sR7wXyiaKrUphXQRNqiP1pfzoBPsEey8wjHDUXh_A-91zqP_H0bkeohA',
  credential_type := 'public-key',
  attestation_object := 'o2NmbXRkbm9uZWdhdHRTdG10oGhhdXRoRGF0YVjESZYN5YgOjGh0NBcPZHZgW4_krrmihjLHmVzzuoMdl2NBAAAAAAAAAAAAAAAAAAAAAAAAAAAAQEzL3PXIEOEtx-PfEHs9opUHZA0tNrNLEe8F8omiq1KYV0ETaoj9aX86AT7BHsvMIxw1F4fwPvdc6j_x9G5HqISlAQIDJiABIVggf6kt0GZu7nwT3be2JJsMj5-6Q2CFfE4V0vxjSitaH48iWCDbmYOzGUadNecZo7k-GsKShUzT_yrVCJhoGwoy_7y8ag',
  client_data_json := 'eyJ0eXBlIjoid2ViYXV0aG4uY3JlYXRlIiwiY2hhbGxlbmdlIjoiMU85eXZFelRSek9ydVJZQzVLcGN4TlJHLXVrcW85dlBuaXdnVXFYOG1GYyIsIm9yaWdpbiI6Imh0dHA6Ly9sb2NhbGhvc3QiLCJjcm9zc09yaWdpbiI6ZmFsc2V9',
  credential_at := '2020-12-15 08:40:12.395851+01'
);
ERROR:  new row for relation "credentials" violates check constraint "credential_before_timeout"
DETAIL:  Failing row contains (\x4ccbdcf5c810e12dc7e3df107b3da29507640d2d36b34b11ef05f289a2ab52..., public-key, \xa363666d74646e6f6e656761747453746d74a068617574684461746158c449..., \x49960de5880e8c687434170f6476605b8fe4aeb9a28632c7995cf3ba831d97..., t, f, t, f, 0, \x00000000000000000000000000000000, \x7fa92dd0666eee7c13ddb7b6249b0c8f9fba4360857c4e15d2fc634a2b5a1f..., \x7b2274797065223a22776562617574686e2e637265617465222c226368616c..., http://localhost, f, \xd4ef72bc4cd34733abb91602e4aa5cc4d446fae92aa3dbcf9e2c2052a5fc98..., alex.p.mueller@example.com, \xc172e425a2e82488bda49038fd66970a94cfa9f3bfa740d421f6040cdb3cb4..., Mon Dec 14 23:40:12.395851 2020 PST).
CONTEXT:  SQL function "make_credential" statement 1
ROLLBACK;
